------------------------------------------------------------
Timing Analyzer Summary
------------------------------------------------------------

Type  : Slow 1200mV 85C Model Setup 'i_board_clk'
Slack : 13.963
TNS   : 0.000

Type  : Slow 1200mV 85C Model Setup 'altera_reserved_tck'
Slack : 44.060
TNS   : 0.000

Type  : Slow 1200mV 85C Model Hold 'i_board_clk'
Slack : 0.307
TNS   : 0.000

Type  : Slow 1200mV 85C Model Hold 'altera_reserved_tck'
Slack : 0.358
TNS   : 0.000

Type  : Slow 1200mV 85C Model Recovery 'altera_reserved_tck'
Slack : 96.572
TNS   : 0.000

Type  : Slow 1200mV 85C Model Removal 'altera_reserved_tck'
Slack : 1.256
TNS   : 0.000

Type  : Slow 1200mV 85C Model Minimum Pulse Width 'i_board_clk'
Slack : 9.489
TNS   : 0.000

Type  : Slow 1200mV 85C Model Minimum Pulse Width 'altera_reserved_tck'
Slack : 49.492
TNS   : 0.000

Type  : Slow 1200mV 0C Model Setup 'i_board_clk'
Slack : 14.575
TNS   : 0.000

Type  : Slow 1200mV 0C Model Setup 'altera_reserved_tck'
Slack : 44.777
TNS   : 0.000

Type  : Slow 1200mV 0C Model Hold 'i_board_clk'
Slack : 0.304
TNS   : 0.000

Type  : Slow 1200mV 0C Model Hold 'altera_reserved_tck'
Slack : 0.311
TNS   : 0.000

Type  : Slow 1200mV 0C Model Recovery 'altera_reserved_tck'
Slack : 96.945
TNS   : 0.000

Type  : Slow 1200mV 0C Model Removal 'altera_reserved_tck'
Slack : 1.142
TNS   : 0.000

Type  : Slow 1200mV 0C Model Minimum Pulse Width 'i_board_clk'
Slack : 9.489
TNS   : 0.000

Type  : Slow 1200mV 0C Model Minimum Pulse Width 'altera_reserved_tck'
Slack : 49.440
TNS   : 0.000

Type  : Fast 1200mV 0C Model Setup 'i_board_clk'
Slack : 16.565
TNS   : 0.000

Type  : Fast 1200mV 0C Model Setup 'altera_reserved_tck'
Slack : 46.825
TNS   : 0.000

Type  : Fast 1200mV 0C Model Hold 'i_board_clk'
Slack : 0.154
TNS   : 0.000

Type  : Fast 1200mV 0C Model Hold 'altera_reserved_tck'
Slack : 0.186
TNS   : 0.000

Type  : Fast 1200mV 0C Model Recovery 'altera_reserved_tck'
Slack : 97.938
TNS   : 0.000

Type  : Fast 1200mV 0C Model Removal 'altera_reserved_tck'
Slack : 0.695
TNS   : 0.000

Type  : Fast 1200mV 0C Model Minimum Pulse Width 'i_board_clk'
Slack : 9.209
TNS   : 0.000

Type  : Fast 1200mV 0C Model Minimum Pulse Width 'altera_reserved_tck'
Slack : 49.294
TNS   : 0.000

------------------------------------------------------------
